just test 

guojun
